
===========================================================================
report_checks -path_delay min (Hold)
============================================================================
======================= Typical Corner ===================================

Startpoint: _56_ (rising edge-triggered flip-flop clocked by clk)
Endpoint: _46_ (rising edge-triggered flip-flop clocked by clk)
Path Group: clk
Path Type: min

Fanout     Cap    Slew   Delay    Time   Description
-----------------------------------------------------------------------------
                  0.15    0.00    0.00   clock clk (rise edge)
                          0.00    0.00   clock network delay (ideal)
                  0.15    0.00    0.00 ^ _56_/CLK (sky130_fd_sc_hd__dfrtp_2)
                  0.08    0.39    0.39 ^ _56_/Q (sky130_fd_sc_hd__dfrtp_2)
     2    0.01                           b_r[0] (net)
                  0.08    0.00    0.39 ^ _40_/B (sky130_fd_sc_hd__xor2_2)
                  0.03    0.05    0.44 v _40_/X (sky130_fd_sc_hd__xor2_2)
     1    0.00                           sum[0] (net)
                  0.03    0.00    0.44 v _46_/D (sky130_fd_sc_hd__dfrtp_2)
                                  0.44   data arrival time

                  0.15    0.00    0.00   clock clk (rise edge)
                          0.00    0.00   clock network delay (ideal)
                          0.25    0.25   clock uncertainty
                          0.00    0.25   clock reconvergence pessimism
                                  0.25 ^ _46_/CLK (sky130_fd_sc_hd__dfrtp_2)
                         -0.01    0.24   library hold time
                                  0.24   data required time
-----------------------------------------------------------------------------
                                  0.24   data required time
                                 -0.44   data arrival time
-----------------------------------------------------------------------------
                                  0.20   slack (MET)


Startpoint: _55_ (rising edge-triggered flip-flop clocked by clk)
Endpoint: _50_ (rising edge-triggered flip-flop clocked by clk)
Path Group: clk
Path Type: min

Fanout     Cap    Slew   Delay    Time   Description
-----------------------------------------------------------------------------
                  0.15    0.00    0.00   clock clk (rise edge)
                          0.00    0.00   clock network delay (ideal)
                  0.15    0.00    0.00 ^ _55_/CLK (sky130_fd_sc_hd__dfrtp_2)
                  0.05    0.37    0.37 ^ _55_/Q (sky130_fd_sc_hd__dfrtp_2)
     2    0.01                           a_r[3] (net)
                  0.05    0.00    0.37 ^ _34_/B1 (sky130_fd_sc_hd__a21oi_2)
                  0.03    0.04    0.41 v _34_/Y (sky130_fd_sc_hd__a21oi_2)
     2    0.01                           _14_ (net)
                  0.03    0.00    0.41 v _36_/A (sky130_fd_sc_hd__inv_2)
                  0.04    0.05    0.45 ^ _36_/Y (sky130_fd_sc_hd__inv_2)
     2    0.01                           _16_ (net)
                  0.04    0.00    0.45 ^ _45_/B1 (sky130_fd_sc_hd__o21a_2)
                  0.03    0.10    0.55 ^ _45_/X (sky130_fd_sc_hd__o21a_2)
     1    0.00                           sum[4] (net)
                  0.03    0.00    0.55 ^ _50_/D (sky130_fd_sc_hd__dfrtp_2)
                                  0.55   data arrival time

                  0.15    0.00    0.00   clock clk (rise edge)
                          0.00    0.00   clock network delay (ideal)
                          0.25    0.25   clock uncertainty
                          0.00    0.25   clock reconvergence pessimism
                                  0.25 ^ _50_/CLK (sky130_fd_sc_hd__dfrtp_2)
                         -0.02    0.23   library hold time
                                  0.23   data required time
-----------------------------------------------------------------------------
                                  0.23   data required time
                                 -0.55   data arrival time
-----------------------------------------------------------------------------
                                  0.32   slack (MET)


Startpoint: _55_ (rising edge-triggered flip-flop clocked by clk)
Endpoint: _49_ (rising edge-triggered flip-flop clocked by clk)
Path Group: clk
Path Type: min

Fanout     Cap    Slew   Delay    Time   Description
-----------------------------------------------------------------------------
                  0.15    0.00    0.00   clock clk (rise edge)
                          0.00    0.00   clock network delay (ideal)
                  0.15    0.00    0.00 ^ _55_/CLK (sky130_fd_sc_hd__dfrtp_2)
                  0.05    0.37    0.37 ^ _55_/Q (sky130_fd_sc_hd__dfrtp_2)
     2    0.01                           a_r[3] (net)
                  0.05    0.00    0.37 ^ _34_/B1 (sky130_fd_sc_hd__a21oi_2)
                  0.03    0.04    0.41 v _34_/Y (sky130_fd_sc_hd__a21oi_2)
     2    0.01                           _14_ (net)
                  0.03    0.00    0.41 v _35_/B (sky130_fd_sc_hd__nor2_2)
                  0.06    0.06    0.47 ^ _35_/Y (sky130_fd_sc_hd__nor2_2)
     1    0.00                           _15_ (net)
                  0.06    0.00    0.47 ^ _38_/A2 (sky130_fd_sc_hd__o22a_2)
                  0.03    0.12    0.58 ^ _38_/X (sky130_fd_sc_hd__o22a_2)
     1    0.00                           sum[3] (net)
                  0.03    0.00    0.58 ^ _49_/D (sky130_fd_sc_hd__dfrtp_2)
                                  0.58   data arrival time

                  0.15    0.00    0.00   clock clk (rise edge)
                          0.00    0.00   clock network delay (ideal)
                          0.25    0.25   clock uncertainty
                          0.00    0.25   clock reconvergence pessimism
                                  0.25 ^ _49_/CLK (sky130_fd_sc_hd__dfrtp_2)
                         -0.02    0.23   library hold time
                                  0.23   data required time
-----------------------------------------------------------------------------
                                  0.23   data required time
                                 -0.58   data arrival time
-----------------------------------------------------------------------------
                                  0.35   slack (MET)


Startpoint: _55_ (rising edge-triggered flip-flop clocked by clk)
Endpoint: _51_ (rising edge-triggered flip-flop clocked by clk)
Path Group: clk
Path Type: min

Fanout     Cap    Slew   Delay    Time   Description
-----------------------------------------------------------------------------
                  0.15    0.00    0.00   clock clk (rise edge)
                          0.00    0.00   clock network delay (ideal)
                  0.15    0.00    0.00 ^ _55_/CLK (sky130_fd_sc_hd__dfrtp_2)
                  0.05    0.37    0.37 ^ _55_/Q (sky130_fd_sc_hd__dfrtp_2)
     2    0.01                           a_r[3] (net)
                  0.05    0.00    0.37 ^ _34_/B1 (sky130_fd_sc_hd__a21oi_2)
                  0.03    0.04    0.41 v _34_/Y (sky130_fd_sc_hd__a21oi_2)
     2    0.01                           _14_ (net)
                  0.03    0.00    0.41 v _36_/A (sky130_fd_sc_hd__inv_2)
                  0.04    0.05    0.45 ^ _36_/Y (sky130_fd_sc_hd__inv_2)
     2    0.01                           _16_ (net)
                  0.04    0.00    0.45 ^ _37_/B (sky130_fd_sc_hd__nand2_2)
                  0.03    0.04    0.50 v _37_/Y (sky130_fd_sc_hd__nand2_2)
     2    0.00                           _17_ (net)
                  0.03    0.00    0.50 v _39_/B1 (sky130_fd_sc_hd__o21a_2)
                  0.02    0.09    0.59 v _39_/X (sky130_fd_sc_hd__o21a_2)
     1    0.00                           ovf (net)
                  0.02    0.00    0.59 v _51_/D (sky130_fd_sc_hd__dfrtp_2)
                                  0.59   data arrival time

                  0.15    0.00    0.00   clock clk (rise edge)
                          0.00    0.00   clock network delay (ideal)
                          0.25    0.25   clock uncertainty
                          0.00    0.25   clock reconvergence pessimism
                                  0.25 ^ _51_/CLK (sky130_fd_sc_hd__dfrtp_2)
                         -0.01    0.24   library hold time
                                  0.24   data required time
-----------------------------------------------------------------------------
                                  0.24   data required time
                                 -0.59   data arrival time
-----------------------------------------------------------------------------
                                  0.35   slack (MET)


Startpoint: _52_ (rising edge-triggered flip-flop clocked by clk)
Endpoint: _47_ (rising edge-triggered flip-flop clocked by clk)
Path Group: clk
Path Type: min

Fanout     Cap    Slew   Delay    Time   Description
-----------------------------------------------------------------------------
                  0.15    0.00    0.00   clock clk (rise edge)
                          0.00    0.00   clock network delay (ideal)
                  0.15    0.00    0.00 ^ _52_/CLK (sky130_fd_sc_hd__dfrtp_2)
                  0.08    0.39    0.39 ^ _52_/Q (sky130_fd_sc_hd__dfrtp_2)
     2    0.01                           a_r[0] (net)
                  0.08    0.00    0.39 ^ _26_/A1 (sky130_fd_sc_hd__mux2_2)
                  0.07    0.17    0.56 ^ _26_/X (sky130_fd_sc_hd__mux2_2)
     2    0.01                           _06_ (net)
                  0.07    0.00    0.56 ^ _42_/B (sky130_fd_sc_hd__xnor2_2)
                  0.03    0.05    0.61 v _42_/Y (sky130_fd_sc_hd__xnor2_2)
     1    0.00                           sum[1] (net)
                  0.03    0.00    0.61 v _47_/D (sky130_fd_sc_hd__dfrtp_2)
                                  0.61   data arrival time

                  0.15    0.00    0.00   clock clk (rise edge)
                          0.00    0.00   clock network delay (ideal)
                          0.25    0.25   clock uncertainty
                          0.00    0.25   clock reconvergence pessimism
                                  0.25 ^ _47_/CLK (sky130_fd_sc_hd__dfrtp_2)
                         -0.01    0.24   library hold time
                                  0.24   data required time
-----------------------------------------------------------------------------
                                  0.24   data required time
                                 -0.61   data arrival time
-----------------------------------------------------------------------------
                                  0.37   slack (MET)


Startpoint: _53_ (rising edge-triggered flip-flop clocked by clk)
Endpoint: _48_ (rising edge-triggered flip-flop clocked by clk)
Path Group: clk
Path Type: min

Fanout     Cap    Slew   Delay    Time   Description
-----------------------------------------------------------------------------
                  0.15    0.00    0.00   clock clk (rise edge)
                          0.00    0.00   clock network delay (ideal)
                  0.15    0.00    0.00 ^ _53_/CLK (sky130_fd_sc_hd__dfrtp_2)
                  0.05    0.36    0.36 ^ _53_/Q (sky130_fd_sc_hd__dfrtp_2)
     2    0.00                           a_r[1] (net)
                  0.05    0.00    0.36 ^ _25_/B1 (sky130_fd_sc_hd__a21o_2)
                  0.03    0.08    0.44 ^ _25_/X (sky130_fd_sc_hd__a21o_2)
     2    0.00                           _05_ (net)
                  0.03    0.00    0.44 ^ _28_/A1 (sky130_fd_sc_hd__a21o_2)
                  0.06    0.13    0.56 ^ _28_/X (sky130_fd_sc_hd__a21o_2)
     2    0.01                           _08_ (net)
                  0.06    0.00    0.56 ^ _44_/B (sky130_fd_sc_hd__xnor2_2)
                  0.03    0.05    0.61 v _44_/Y (sky130_fd_sc_hd__xnor2_2)
     1    0.00                           sum[2] (net)
                  0.03    0.00    0.61 v _48_/D (sky130_fd_sc_hd__dfrtp_2)
                                  0.61   data arrival time

                  0.15    0.00    0.00   clock clk (rise edge)
                          0.00    0.00   clock network delay (ideal)
                          0.25    0.25   clock uncertainty
                          0.00    0.25   clock reconvergence pessimism
                                  0.25 ^ _48_/CLK (sky130_fd_sc_hd__dfrtp_2)
                         -0.01    0.24   library hold time
                                  0.24   data required time
-----------------------------------------------------------------------------
                                  0.24   data required time
                                 -0.61   data arrival time
-----------------------------------------------------------------------------
                                  0.37   slack (MET)


Startpoint: rst_n (input port clocked by clk)
Endpoint: _46_ (removal check against rising-edge clock clk)
Path Group: asynchronous
Path Type: min

Fanout     Cap    Slew   Delay    Time   Description
-----------------------------------------------------------------------------
                  0.15    0.00    0.00   clock clk (rise edge)
                          0.00    0.00   clock network delay (ideal)
                          4.00    4.00 ^ input external delay
                  0.25    0.16    4.16 ^ rst_n (in)
    15    0.05                           rst_n (net)
                  0.25    0.00    4.16 ^ _46_/RESET_B (sky130_fd_sc_hd__dfrtp_2)
                                  4.16   data arrival time

                  0.15    0.00    0.00   clock clk (rise edge)
                          0.00    0.00   clock network delay (ideal)
                          0.25    0.25   clock uncertainty
                          0.00    0.25   clock reconvergence pessimism
                                  0.25 ^ _46_/CLK (sky130_fd_sc_hd__dfrtp_2)
                          0.41    0.66   library removal time
                                  0.66   data required time
-----------------------------------------------------------------------------
                                  0.66   data required time
                                 -4.16   data arrival time
-----------------------------------------------------------------------------
                                  3.51   slack (MET)


Startpoint: rst_n (input port clocked by clk)
Endpoint: _47_ (removal check against rising-edge clock clk)
Path Group: asynchronous
Path Type: min

Fanout     Cap    Slew   Delay    Time   Description
-----------------------------------------------------------------------------
                  0.15    0.00    0.00   clock clk (rise edge)
                          0.00    0.00   clock network delay (ideal)
                          4.00    4.00 ^ input external delay
                  0.25    0.16    4.16 ^ rst_n (in)
    15    0.05                           rst_n (net)
                  0.25    0.00    4.16 ^ _47_/RESET_B (sky130_fd_sc_hd__dfrtp_2)
                                  4.16   data arrival time

                  0.15    0.00    0.00   clock clk (rise edge)
                          0.00    0.00   clock network delay (ideal)
                          0.25    0.25   clock uncertainty
                          0.00    0.25   clock reconvergence pessimism
                                  0.25 ^ _47_/CLK (sky130_fd_sc_hd__dfrtp_2)
                          0.41    0.66   library removal time
                                  0.66   data required time
-----------------------------------------------------------------------------
                                  0.66   data required time
                                 -4.16   data arrival time
-----------------------------------------------------------------------------
                                  3.51   slack (MET)


Startpoint: rst_n (input port clocked by clk)
Endpoint: _48_ (removal check against rising-edge clock clk)
Path Group: asynchronous
Path Type: min

Fanout     Cap    Slew   Delay    Time   Description
-----------------------------------------------------------------------------
                  0.15    0.00    0.00   clock clk (rise edge)
                          0.00    0.00   clock network delay (ideal)
                          4.00    4.00 ^ input external delay
                  0.25    0.16    4.16 ^ rst_n (in)
    15    0.05                           rst_n (net)
                  0.25    0.00    4.16 ^ _48_/RESET_B (sky130_fd_sc_hd__dfrtp_2)
                                  4.16   data arrival time

                  0.15    0.00    0.00   clock clk (rise edge)
                          0.00    0.00   clock network delay (ideal)
                          0.25    0.25   clock uncertainty
                          0.00    0.25   clock reconvergence pessimism
                                  0.25 ^ _48_/CLK (sky130_fd_sc_hd__dfrtp_2)
                          0.41    0.66   library removal time
                                  0.66   data required time
-----------------------------------------------------------------------------
                                  0.66   data required time
                                 -4.16   data arrival time
-----------------------------------------------------------------------------
                                  3.51   slack (MET)


Startpoint: rst_n (input port clocked by clk)
Endpoint: _49_ (removal check against rising-edge clock clk)
Path Group: asynchronous
Path Type: min

Fanout     Cap    Slew   Delay    Time   Description
-----------------------------------------------------------------------------
                  0.15    0.00    0.00   clock clk (rise edge)
                          0.00    0.00   clock network delay (ideal)
                          4.00    4.00 ^ input external delay
                  0.25    0.16    4.16 ^ rst_n (in)
    15    0.05                           rst_n (net)
                  0.25    0.00    4.16 ^ _49_/RESET_B (sky130_fd_sc_hd__dfrtp_2)
                                  4.16   data arrival time

                  0.15    0.00    0.00   clock clk (rise edge)
                          0.00    0.00   clock network delay (ideal)
                          0.25    0.25   clock uncertainty
                          0.00    0.25   clock reconvergence pessimism
                                  0.25 ^ _49_/CLK (sky130_fd_sc_hd__dfrtp_2)
                          0.41    0.66   library removal time
                                  0.66   data required time
-----------------------------------------------------------------------------
                                  0.66   data required time
                                 -4.16   data arrival time
-----------------------------------------------------------------------------
                                  3.51   slack (MET)


Startpoint: rst_n (input port clocked by clk)
Endpoint: _50_ (removal check against rising-edge clock clk)
Path Group: asynchronous
Path Type: min

Fanout     Cap    Slew   Delay    Time   Description
-----------------------------------------------------------------------------
                  0.15    0.00    0.00   clock clk (rise edge)
                          0.00    0.00   clock network delay (ideal)
                          4.00    4.00 ^ input external delay
                  0.25    0.16    4.16 ^ rst_n (in)
    15    0.05                           rst_n (net)
                  0.25    0.00    4.16 ^ _50_/RESET_B (sky130_fd_sc_hd__dfrtp_2)
                                  4.16   data arrival time

                  0.15    0.00    0.00   clock clk (rise edge)
                          0.00    0.00   clock network delay (ideal)
                          0.25    0.25   clock uncertainty
                          0.00    0.25   clock reconvergence pessimism
                                  0.25 ^ _50_/CLK (sky130_fd_sc_hd__dfrtp_2)
                          0.41    0.66   library removal time
                                  0.66   data required time
-----------------------------------------------------------------------------
                                  0.66   data required time
                                 -4.16   data arrival time
-----------------------------------------------------------------------------
                                  3.51   slack (MET)


Startpoint: rst_n (input port clocked by clk)
Endpoint: _51_ (removal check against rising-edge clock clk)
Path Group: asynchronous
Path Type: min

Fanout     Cap    Slew   Delay    Time   Description
-----------------------------------------------------------------------------
                  0.15    0.00    0.00   clock clk (rise edge)
                          0.00    0.00   clock network delay (ideal)
                          4.00    4.00 ^ input external delay
                  0.25    0.16    4.16 ^ rst_n (in)
    15    0.05                           rst_n (net)
                  0.25    0.00    4.16 ^ _51_/RESET_B (sky130_fd_sc_hd__dfrtp_2)
                                  4.16   data arrival time

                  0.15    0.00    0.00   clock clk (rise edge)
                          0.00    0.00   clock network delay (ideal)
                          0.25    0.25   clock uncertainty
                          0.00    0.25   clock reconvergence pessimism
                                  0.25 ^ _51_/CLK (sky130_fd_sc_hd__dfrtp_2)
                          0.41    0.66   library removal time
                                  0.66   data required time
-----------------------------------------------------------------------------
                                  0.66   data required time
                                 -4.16   data arrival time
-----------------------------------------------------------------------------
                                  3.51   slack (MET)


Startpoint: rst_n (input port clocked by clk)
Endpoint: _52_ (removal check against rising-edge clock clk)
Path Group: asynchronous
Path Type: min

Fanout     Cap    Slew   Delay    Time   Description
-----------------------------------------------------------------------------
                  0.15    0.00    0.00   clock clk (rise edge)
                          0.00    0.00   clock network delay (ideal)
                          4.00    4.00 ^ input external delay
                  0.25    0.16    4.16 ^ rst_n (in)
    15    0.05                           rst_n (net)
                  0.25    0.00    4.16 ^ _52_/RESET_B (sky130_fd_sc_hd__dfrtp_2)
                                  4.16   data arrival time

                  0.15    0.00    0.00   clock clk (rise edge)
                          0.00    0.00   clock network delay (ideal)
                          0.25    0.25   clock uncertainty
                          0.00    0.25   clock reconvergence pessimism
                                  0.25 ^ _52_/CLK (sky130_fd_sc_hd__dfrtp_2)
                          0.41    0.66   library removal time
                                  0.66   data required time
-----------------------------------------------------------------------------
                                  0.66   data required time
                                 -4.16   data arrival time
-----------------------------------------------------------------------------
                                  3.51   slack (MET)


Startpoint: rst_n (input port clocked by clk)
Endpoint: _53_ (removal check against rising-edge clock clk)
Path Group: asynchronous
Path Type: min

Fanout     Cap    Slew   Delay    Time   Description
-----------------------------------------------------------------------------
                  0.15    0.00    0.00   clock clk (rise edge)
                          0.00    0.00   clock network delay (ideal)
                          4.00    4.00 ^ input external delay
                  0.25    0.16    4.16 ^ rst_n (in)
    15    0.05                           rst_n (net)
                  0.25    0.00    4.16 ^ _53_/RESET_B (sky130_fd_sc_hd__dfrtp_2)
                                  4.16   data arrival time

                  0.15    0.00    0.00   clock clk (rise edge)
                          0.00    0.00   clock network delay (ideal)
                          0.25    0.25   clock uncertainty
                          0.00    0.25   clock reconvergence pessimism
                                  0.25 ^ _53_/CLK (sky130_fd_sc_hd__dfrtp_2)
                          0.41    0.66   library removal time
                                  0.66   data required time
-----------------------------------------------------------------------------
                                  0.66   data required time
                                 -4.16   data arrival time
-----------------------------------------------------------------------------
                                  3.51   slack (MET)


Startpoint: rst_n (input port clocked by clk)
Endpoint: _54_ (removal check against rising-edge clock clk)
Path Group: asynchronous
Path Type: min

Fanout     Cap    Slew   Delay    Time   Description
-----------------------------------------------------------------------------
                  0.15    0.00    0.00   clock clk (rise edge)
                          0.00    0.00   clock network delay (ideal)
                          4.00    4.00 ^ input external delay
                  0.25    0.16    4.16 ^ rst_n (in)
    15    0.05                           rst_n (net)
                  0.25    0.00    4.16 ^ _54_/RESET_B (sky130_fd_sc_hd__dfrtp_2)
                                  4.16   data arrival time

                  0.15    0.00    0.00   clock clk (rise edge)
                          0.00    0.00   clock network delay (ideal)
                          0.25    0.25   clock uncertainty
                          0.00    0.25   clock reconvergence pessimism
                                  0.25 ^ _54_/CLK (sky130_fd_sc_hd__dfrtp_2)
                          0.41    0.66   library removal time
                                  0.66   data required time
-----------------------------------------------------------------------------
                                  0.66   data required time
                                 -4.16   data arrival time
-----------------------------------------------------------------------------
                                  3.51   slack (MET)


Startpoint: rst_n (input port clocked by clk)
Endpoint: _55_ (removal check against rising-edge clock clk)
Path Group: asynchronous
Path Type: min

Fanout     Cap    Slew   Delay    Time   Description
-----------------------------------------------------------------------------
                  0.15    0.00    0.00   clock clk (rise edge)
                          0.00    0.00   clock network delay (ideal)
                          4.00    4.00 ^ input external delay
                  0.25    0.16    4.16 ^ rst_n (in)
    15    0.05                           rst_n (net)
                  0.25    0.00    4.16 ^ _55_/RESET_B (sky130_fd_sc_hd__dfrtp_2)
                                  4.16   data arrival time

                  0.15    0.00    0.00   clock clk (rise edge)
                          0.00    0.00   clock network delay (ideal)
                          0.25    0.25   clock uncertainty
                          0.00    0.25   clock reconvergence pessimism
                                  0.25 ^ _55_/CLK (sky130_fd_sc_hd__dfrtp_2)
                          0.41    0.66   library removal time
                                  0.66   data required time
-----------------------------------------------------------------------------
                                  0.66   data required time
                                 -4.16   data arrival time
-----------------------------------------------------------------------------
                                  3.51   slack (MET)


Startpoint: rst_n (input port clocked by clk)
Endpoint: _56_ (removal check against rising-edge clock clk)
Path Group: asynchronous
Path Type: min

Fanout     Cap    Slew   Delay    Time   Description
-----------------------------------------------------------------------------
                  0.15    0.00    0.00   clock clk (rise edge)
                          0.00    0.00   clock network delay (ideal)
                          4.00    4.00 ^ input external delay
                  0.25    0.16    4.16 ^ rst_n (in)
    15    0.05                           rst_n (net)
                  0.25    0.00    4.16 ^ _56_/RESET_B (sky130_fd_sc_hd__dfrtp_2)
                                  4.16   data arrival time

                  0.15    0.00    0.00   clock clk (rise edge)
                          0.00    0.00   clock network delay (ideal)
                          0.25    0.25   clock uncertainty
                          0.00    0.25   clock reconvergence pessimism
                                  0.25 ^ _56_/CLK (sky130_fd_sc_hd__dfrtp_2)
                          0.41    0.66   library removal time
                                  0.66   data required time
-----------------------------------------------------------------------------
                                  0.66   data required time
                                 -4.16   data arrival time
-----------------------------------------------------------------------------
                                  3.51   slack (MET)


Startpoint: rst_n (input port clocked by clk)
Endpoint: _57_ (removal check against rising-edge clock clk)
Path Group: asynchronous
Path Type: min

Fanout     Cap    Slew   Delay    Time   Description
-----------------------------------------------------------------------------
                  0.15    0.00    0.00   clock clk (rise edge)
                          0.00    0.00   clock network delay (ideal)
                          4.00    4.00 ^ input external delay
                  0.25    0.16    4.16 ^ rst_n (in)
    15    0.05                           rst_n (net)
                  0.25    0.00    4.16 ^ _57_/RESET_B (sky130_fd_sc_hd__dfrtp_2)
                                  4.16   data arrival time

                  0.15    0.00    0.00   clock clk (rise edge)
                          0.00    0.00   clock network delay (ideal)
                          0.25    0.25   clock uncertainty
                          0.00    0.25   clock reconvergence pessimism
                                  0.25 ^ _57_/CLK (sky130_fd_sc_hd__dfrtp_2)
                          0.41    0.66   library removal time
                                  0.66   data required time
-----------------------------------------------------------------------------
                                  0.66   data required time
                                 -4.16   data arrival time
-----------------------------------------------------------------------------
                                  3.51   slack (MET)


Startpoint: rst_n (input port clocked by clk)
Endpoint: _58_ (removal check against rising-edge clock clk)
Path Group: asynchronous
Path Type: min

Fanout     Cap    Slew   Delay    Time   Description
-----------------------------------------------------------------------------
                  0.15    0.00    0.00   clock clk (rise edge)
                          0.00    0.00   clock network delay (ideal)
                          4.00    4.00 ^ input external delay
                  0.25    0.16    4.16 ^ rst_n (in)
    15    0.05                           rst_n (net)
                  0.25    0.00    4.16 ^ _58_/RESET_B (sky130_fd_sc_hd__dfrtp_2)
                                  4.16   data arrival time

                  0.15    0.00    0.00   clock clk (rise edge)
                          0.00    0.00   clock network delay (ideal)
                          0.25    0.25   clock uncertainty
                          0.00    0.25   clock reconvergence pessimism
                                  0.25 ^ _58_/CLK (sky130_fd_sc_hd__dfrtp_2)
                          0.41    0.66   library removal time
                                  0.66   data required time
-----------------------------------------------------------------------------
                                  0.66   data required time
                                 -4.16   data arrival time
-----------------------------------------------------------------------------
                                  3.51   slack (MET)


Startpoint: rst_n (input port clocked by clk)
Endpoint: _59_ (removal check against rising-edge clock clk)
Path Group: asynchronous
Path Type: min

Fanout     Cap    Slew   Delay    Time   Description
-----------------------------------------------------------------------------
                  0.15    0.00    0.00   clock clk (rise edge)
                          0.00    0.00   clock network delay (ideal)
                          4.00    4.00 ^ input external delay
                  0.25    0.16    4.16 ^ rst_n (in)
    15    0.05                           rst_n (net)
                  0.25    0.00    4.16 ^ _59_/RESET_B (sky130_fd_sc_hd__dfrtp_2)
                                  4.16   data arrival time

                  0.15    0.00    0.00   clock clk (rise edge)
                          0.00    0.00   clock network delay (ideal)
                          0.25    0.25   clock uncertainty
                          0.00    0.25   clock reconvergence pessimism
                                  0.25 ^ _59_/CLK (sky130_fd_sc_hd__dfrtp_2)
                          0.41    0.66   library removal time
                                  0.66   data required time
-----------------------------------------------------------------------------
                                  0.66   data required time
                                 -4.16   data arrival time
-----------------------------------------------------------------------------
                                  3.51   slack (MET)


Startpoint: rst_n (input port clocked by clk)
Endpoint: _60_ (removal check against rising-edge clock clk)
Path Group: asynchronous
Path Type: min

Fanout     Cap    Slew   Delay    Time   Description
-----------------------------------------------------------------------------
                  0.15    0.00    0.00   clock clk (rise edge)
                          0.00    0.00   clock network delay (ideal)
                          4.00    4.00 ^ input external delay
                  0.25    0.16    4.16 ^ rst_n (in)
    15    0.05                           rst_n (net)
                  0.25    0.00    4.16 ^ _60_/RESET_B (sky130_fd_sc_hd__dfrtp_2)
                                  4.16   data arrival time

                  0.15    0.00    0.00   clock clk (rise edge)
                          0.00    0.00   clock network delay (ideal)
                          0.25    0.25   clock uncertainty
                          0.00    0.25   clock reconvergence pessimism
                                  0.25 ^ _60_/CLK (sky130_fd_sc_hd__dfrtp_2)
                          0.41    0.66   library removal time
                                  0.66   data required time
-----------------------------------------------------------------------------
                                  0.66   data required time
                                 -4.16   data arrival time
-----------------------------------------------------------------------------
                                  3.51   slack (MET)


Startpoint: a_in[0] (input port clocked by clk)
Endpoint: _52_ (rising edge-triggered flip-flop clocked by clk)
Path Group: clk
Path Type: min

Fanout     Cap    Slew   Delay    Time   Description
-----------------------------------------------------------------------------
                  0.15    0.00    0.00   clock clk (rise edge)
                          0.00    0.00   clock network delay (ideal)
                          4.00    4.00 v input external delay
                  0.01    0.00    4.00 v a_in[0] (in)
     1    0.00                           a_in[0] (net)
                  0.01    0.00    4.00 v _52_/D (sky130_fd_sc_hd__dfrtp_2)
                                  4.00   data arrival time

                  0.15    0.00    0.00   clock clk (rise edge)
                          0.00    0.00   clock network delay (ideal)
                          0.25    0.25   clock uncertainty
                          0.00    0.25   clock reconvergence pessimism
                                  0.25 ^ _52_/CLK (sky130_fd_sc_hd__dfrtp_2)
                          0.00    0.25   library hold time
                                  0.25   data required time
-----------------------------------------------------------------------------
                                  0.25   data required time
                                 -4.00   data arrival time
-----------------------------------------------------------------------------
                                  3.76   slack (MET)


Startpoint: a_in[1] (input port clocked by clk)
Endpoint: _53_ (rising edge-triggered flip-flop clocked by clk)
Path Group: clk
Path Type: min

Fanout     Cap    Slew   Delay    Time   Description
-----------------------------------------------------------------------------
                  0.15    0.00    0.00   clock clk (rise edge)
                          0.00    0.00   clock network delay (ideal)
                          4.00    4.00 v input external delay
                  0.01    0.00    4.00 v a_in[1] (in)
     1    0.00                           a_in[1] (net)
                  0.01    0.00    4.00 v _53_/D (sky130_fd_sc_hd__dfrtp_2)
                                  4.00   data arrival time

                  0.15    0.00    0.00   clock clk (rise edge)
                          0.00    0.00   clock network delay (ideal)
                          0.25    0.25   clock uncertainty
                          0.00    0.25   clock reconvergence pessimism
                                  0.25 ^ _53_/CLK (sky130_fd_sc_hd__dfrtp_2)
                          0.00    0.25   library hold time
                                  0.25   data required time
-----------------------------------------------------------------------------
                                  0.25   data required time
                                 -4.00   data arrival time
-----------------------------------------------------------------------------
                                  3.76   slack (MET)


Startpoint: a_in[2] (input port clocked by clk)
Endpoint: _54_ (rising edge-triggered flip-flop clocked by clk)
Path Group: clk
Path Type: min

Fanout     Cap    Slew   Delay    Time   Description
-----------------------------------------------------------------------------
                  0.15    0.00    0.00   clock clk (rise edge)
                          0.00    0.00   clock network delay (ideal)
                          4.00    4.00 v input external delay
                  0.01    0.00    4.00 v a_in[2] (in)
     1    0.00                           a_in[2] (net)
                  0.01    0.00    4.00 v _54_/D (sky130_fd_sc_hd__dfrtp_2)
                                  4.00   data arrival time

                  0.15    0.00    0.00   clock clk (rise edge)
                          0.00    0.00   clock network delay (ideal)
                          0.25    0.25   clock uncertainty
                          0.00    0.25   clock reconvergence pessimism
                                  0.25 ^ _54_/CLK (sky130_fd_sc_hd__dfrtp_2)
                          0.00    0.25   library hold time
                                  0.25   data required time
-----------------------------------------------------------------------------
                                  0.25   data required time
                                 -4.00   data arrival time
-----------------------------------------------------------------------------
                                  3.76   slack (MET)


Startpoint: a_in[3] (input port clocked by clk)
Endpoint: _55_ (rising edge-triggered flip-flop clocked by clk)
Path Group: clk
Path Type: min

Fanout     Cap    Slew   Delay    Time   Description
-----------------------------------------------------------------------------
                  0.15    0.00    0.00   clock clk (rise edge)
                          0.00    0.00   clock network delay (ideal)
                          4.00    4.00 v input external delay
                  0.01    0.00    4.00 v a_in[3] (in)
     1    0.00                           a_in[3] (net)
                  0.01    0.00    4.00 v _55_/D (sky130_fd_sc_hd__dfrtp_2)
                                  4.00   data arrival time

                  0.15    0.00    0.00   clock clk (rise edge)
                          0.00    0.00   clock network delay (ideal)
                          0.25    0.25   clock uncertainty
                          0.00    0.25   clock reconvergence pessimism
                                  0.25 ^ _55_/CLK (sky130_fd_sc_hd__dfrtp_2)
                          0.00    0.25   library hold time
                                  0.25   data required time
-----------------------------------------------------------------------------
                                  0.25   data required time
                                 -4.00   data arrival time
-----------------------------------------------------------------------------
                                  3.76   slack (MET)


Startpoint: b_in[0] (input port clocked by clk)
Endpoint: _56_ (rising edge-triggered flip-flop clocked by clk)
Path Group: clk
Path Type: min

Fanout     Cap    Slew   Delay    Time   Description
-----------------------------------------------------------------------------
                  0.15    0.00    0.00   clock clk (rise edge)
                          0.00    0.00   clock network delay (ideal)
                          4.00    4.00 v input external delay
                  0.01    0.00    4.00 v b_in[0] (in)
     1    0.00                           b_in[0] (net)
                  0.01    0.00    4.00 v _56_/D (sky130_fd_sc_hd__dfrtp_2)
                                  4.00   data arrival time

                  0.15    0.00    0.00   clock clk (rise edge)
                          0.00    0.00   clock network delay (ideal)
                          0.25    0.25   clock uncertainty
                          0.00    0.25   clock reconvergence pessimism
                                  0.25 ^ _56_/CLK (sky130_fd_sc_hd__dfrtp_2)
                          0.00    0.25   library hold time
                                  0.25   data required time
-----------------------------------------------------------------------------
                                  0.25   data required time
                                 -4.00   data arrival time
-----------------------------------------------------------------------------
                                  3.76   slack (MET)


Startpoint: b_in[1] (input port clocked by clk)
Endpoint: _57_ (rising edge-triggered flip-flop clocked by clk)
Path Group: clk
Path Type: min

Fanout     Cap    Slew   Delay    Time   Description
-----------------------------------------------------------------------------
                  0.15    0.00    0.00   clock clk (rise edge)
                          0.00    0.00   clock network delay (ideal)
                          4.00    4.00 v input external delay
                  0.01    0.00    4.00 v b_in[1] (in)
     1    0.00                           b_in[1] (net)
                  0.01    0.00    4.00 v _57_/D (sky130_fd_sc_hd__dfrtp_2)
                                  4.00   data arrival time

                  0.15    0.00    0.00   clock clk (rise edge)
                          0.00    0.00   clock network delay (ideal)
                          0.25    0.25   clock uncertainty
                          0.00    0.25   clock reconvergence pessimism
                                  0.25 ^ _57_/CLK (sky130_fd_sc_hd__dfrtp_2)
                          0.00    0.25   library hold time
                                  0.25   data required time
-----------------------------------------------------------------------------
                                  0.25   data required time
                                 -4.00   data arrival time
-----------------------------------------------------------------------------
                                  3.76   slack (MET)


Startpoint: b_in[2] (input port clocked by clk)
Endpoint: _58_ (rising edge-triggered flip-flop clocked by clk)
Path Group: clk
Path Type: min

Fanout     Cap    Slew   Delay    Time   Description
-----------------------------------------------------------------------------
                  0.15    0.00    0.00   clock clk (rise edge)
                          0.00    0.00   clock network delay (ideal)
                          4.00    4.00 v input external delay
                  0.01    0.00    4.00 v b_in[2] (in)
     1    0.00                           b_in[2] (net)
                  0.01    0.00    4.00 v _58_/D (sky130_fd_sc_hd__dfrtp_2)
                                  4.00   data arrival time

                  0.15    0.00    0.00   clock clk (rise edge)
                          0.00    0.00   clock network delay (ideal)
                          0.25    0.25   clock uncertainty
                          0.00    0.25   clock reconvergence pessimism
                                  0.25 ^ _58_/CLK (sky130_fd_sc_hd__dfrtp_2)
                          0.00    0.25   library hold time
                                  0.25   data required time
-----------------------------------------------------------------------------
                                  0.25   data required time
                                 -4.00   data arrival time
-----------------------------------------------------------------------------
                                  3.76   slack (MET)


Startpoint: b_in[3] (input port clocked by clk)
Endpoint: _59_ (rising edge-triggered flip-flop clocked by clk)
Path Group: clk
Path Type: min

Fanout     Cap    Slew   Delay    Time   Description
-----------------------------------------------------------------------------
                  0.15    0.00    0.00   clock clk (rise edge)
                          0.00    0.00   clock network delay (ideal)
                          4.00    4.00 v input external delay
                  0.01    0.00    4.00 v b_in[3] (in)
     1    0.00                           b_in[3] (net)
                  0.01    0.00    4.00 v _59_/D (sky130_fd_sc_hd__dfrtp_2)
                                  4.00   data arrival time

                  0.15    0.00    0.00   clock clk (rise edge)
                          0.00    0.00   clock network delay (ideal)
                          0.25    0.25   clock uncertainty
                          0.00    0.25   clock reconvergence pessimism
                                  0.25 ^ _59_/CLK (sky130_fd_sc_hd__dfrtp_2)
                          0.00    0.25   library hold time
                                  0.25   data required time
-----------------------------------------------------------------------------
                                  0.25   data required time
                                 -4.00   data arrival time
-----------------------------------------------------------------------------
                                  3.76   slack (MET)


Startpoint: sub_in (input port clocked by clk)
Endpoint: _60_ (rising edge-triggered flip-flop clocked by clk)
Path Group: clk
Path Type: min

Fanout     Cap    Slew   Delay    Time   Description
-----------------------------------------------------------------------------
                  0.15    0.00    0.00   clock clk (rise edge)
                          0.00    0.00   clock network delay (ideal)
                          4.00    4.00 v input external delay
                  0.01    0.00    4.00 v sub_in (in)
     1    0.00                           sub_in (net)
                  0.01    0.00    4.00 v _60_/D (sky130_fd_sc_hd__dfrtp_2)
                                  4.00   data arrival time

                  0.15    0.00    0.00   clock clk (rise edge)
                          0.00    0.00   clock network delay (ideal)
                          0.25    0.25   clock uncertainty
                          0.00    0.25   clock reconvergence pessimism
                                  0.25 ^ _60_/CLK (sky130_fd_sc_hd__dfrtp_2)
                          0.00    0.25   library hold time
                                  0.25   data required time
-----------------------------------------------------------------------------
                                  0.25   data required time
                                 -4.00   data arrival time
-----------------------------------------------------------------------------
                                  3.76   slack (MET)


Startpoint: _50_ (rising edge-triggered flip-flop clocked by clk)
Endpoint: cout_out (output port clocked by clk)
Path Group: clk
Path Type: min

Fanout     Cap    Slew   Delay    Time   Description
-----------------------------------------------------------------------------
                  0.15    0.00    0.00   clock clk (rise edge)
                          0.00    0.00   clock network delay (ideal)
                  0.15    0.00    0.00 ^ _50_/CLK (sky130_fd_sc_hd__dfrtp_2)
                  0.17    0.46    0.46 ^ _50_/Q (sky130_fd_sc_hd__dfrtp_2)
     1    0.03                           cout_out (net)
                  0.17    0.00    0.46 ^ cout_out (out)
                                  0.46   data arrival time

                  0.15    0.00    0.00   clock clk (rise edge)
                          0.00    0.00   clock network delay (ideal)
                          0.25    0.25   clock uncertainty
                          0.00    0.25   clock reconvergence pessimism
                         -4.00   -3.75   output external delay
                                 -3.75   data required time
-----------------------------------------------------------------------------
                                 -3.75   data required time
                                 -0.46   data arrival time
-----------------------------------------------------------------------------
                                  4.21   slack (MET)


Startpoint: _51_ (rising edge-triggered flip-flop clocked by clk)
Endpoint: ovf_out (output port clocked by clk)
Path Group: clk
Path Type: min

Fanout     Cap    Slew   Delay    Time   Description
-----------------------------------------------------------------------------
                  0.15    0.00    0.00   clock clk (rise edge)
                          0.00    0.00   clock network delay (ideal)
                  0.15    0.00    0.00 ^ _51_/CLK (sky130_fd_sc_hd__dfrtp_2)
                  0.17    0.46    0.46 ^ _51_/Q (sky130_fd_sc_hd__dfrtp_2)
     1    0.03                           ovf_out (net)
                  0.17    0.00    0.46 ^ ovf_out (out)
                                  0.46   data arrival time

                  0.15    0.00    0.00   clock clk (rise edge)
                          0.00    0.00   clock network delay (ideal)
                          0.25    0.25   clock uncertainty
                          0.00    0.25   clock reconvergence pessimism
                         -4.00   -3.75   output external delay
                                 -3.75   data required time
-----------------------------------------------------------------------------
                                 -3.75   data required time
                                 -0.46   data arrival time
-----------------------------------------------------------------------------
                                  4.21   slack (MET)


Startpoint: _46_ (rising edge-triggered flip-flop clocked by clk)
Endpoint: y_out[0] (output port clocked by clk)
Path Group: clk
Path Type: min

Fanout     Cap    Slew   Delay    Time   Description
-----------------------------------------------------------------------------
                  0.15    0.00    0.00   clock clk (rise edge)
                          0.00    0.00   clock network delay (ideal)
                  0.15    0.00    0.00 ^ _46_/CLK (sky130_fd_sc_hd__dfrtp_2)
                  0.17    0.46    0.46 ^ _46_/Q (sky130_fd_sc_hd__dfrtp_2)
     1    0.03                           y_out[0] (net)
                  0.17    0.00    0.46 ^ y_out[0] (out)
                                  0.46   data arrival time

                  0.15    0.00    0.00   clock clk (rise edge)
                          0.00    0.00   clock network delay (ideal)
                          0.25    0.25   clock uncertainty
                          0.00    0.25   clock reconvergence pessimism
                         -4.00   -3.75   output external delay
                                 -3.75   data required time
-----------------------------------------------------------------------------
                                 -3.75   data required time
                                 -0.46   data arrival time
-----------------------------------------------------------------------------
                                  4.21   slack (MET)


Startpoint: _47_ (rising edge-triggered flip-flop clocked by clk)
Endpoint: y_out[1] (output port clocked by clk)
Path Group: clk
Path Type: min

Fanout     Cap    Slew   Delay    Time   Description
-----------------------------------------------------------------------------
                  0.15    0.00    0.00   clock clk (rise edge)
                          0.00    0.00   clock network delay (ideal)
                  0.15    0.00    0.00 ^ _47_/CLK (sky130_fd_sc_hd__dfrtp_2)
                  0.17    0.46    0.46 ^ _47_/Q (sky130_fd_sc_hd__dfrtp_2)
     1    0.03                           y_out[1] (net)
                  0.17    0.00    0.46 ^ y_out[1] (out)
                                  0.46   data arrival time

                  0.15    0.00    0.00   clock clk (rise edge)
                          0.00    0.00   clock network delay (ideal)
                          0.25    0.25   clock uncertainty
                          0.00    0.25   clock reconvergence pessimism
                         -4.00   -3.75   output external delay
                                 -3.75   data required time
-----------------------------------------------------------------------------
                                 -3.75   data required time
                                 -0.46   data arrival time
-----------------------------------------------------------------------------
                                  4.21   slack (MET)


Startpoint: _48_ (rising edge-triggered flip-flop clocked by clk)
Endpoint: y_out[2] (output port clocked by clk)
Path Group: clk
Path Type: min

Fanout     Cap    Slew   Delay    Time   Description
-----------------------------------------------------------------------------
                  0.15    0.00    0.00   clock clk (rise edge)
                          0.00    0.00   clock network delay (ideal)
                  0.15    0.00    0.00 ^ _48_/CLK (sky130_fd_sc_hd__dfrtp_2)
                  0.17    0.46    0.46 ^ _48_/Q (sky130_fd_sc_hd__dfrtp_2)
     1    0.03                           y_out[2] (net)
                  0.17    0.00    0.46 ^ y_out[2] (out)
                                  0.46   data arrival time

                  0.15    0.00    0.00   clock clk (rise edge)
                          0.00    0.00   clock network delay (ideal)
                          0.25    0.25   clock uncertainty
                          0.00    0.25   clock reconvergence pessimism
                         -4.00   -3.75   output external delay
                                 -3.75   data required time
-----------------------------------------------------------------------------
                                 -3.75   data required time
                                 -0.46   data arrival time
-----------------------------------------------------------------------------
                                  4.21   slack (MET)


Startpoint: _49_ (rising edge-triggered flip-flop clocked by clk)
Endpoint: y_out[3] (output port clocked by clk)
Path Group: clk
Path Type: min

Fanout     Cap    Slew   Delay    Time   Description
-----------------------------------------------------------------------------
                  0.15    0.00    0.00   clock clk (rise edge)
                          0.00    0.00   clock network delay (ideal)
                  0.15    0.00    0.00 ^ _49_/CLK (sky130_fd_sc_hd__dfrtp_2)
                  0.17    0.46    0.46 ^ _49_/Q (sky130_fd_sc_hd__dfrtp_2)
     1    0.03                           y_out[3] (net)
                  0.17    0.00    0.46 ^ y_out[3] (out)
                                  0.46   data arrival time

                  0.15    0.00    0.00   clock clk (rise edge)
                          0.00    0.00   clock network delay (ideal)
                          0.25    0.25   clock uncertainty
                          0.00    0.25   clock reconvergence pessimism
                         -4.00   -3.75   output external delay
                                 -3.75   data required time
-----------------------------------------------------------------------------
                                 -3.75   data required time
                                 -0.46   data arrival time
-----------------------------------------------------------------------------
                                  4.21   slack (MET)



