
===========================================================================
 report_power
============================================================================
======================= Fastest Corner ===================================

Group                  Internal  Switching    Leakage      Total
                          Power      Power      Power      Power (Watts)
----------------------------------------------------------------
Sequential             3.79e-05   1.21e-06   7.10e-08   3.92e-05  40.0%
Combinational          3.58e-05   2.32e-05   7.34e-10   5.89e-05  60.0%
Macro                  0.00e+00   0.00e+00   0.00e+00   0.00e+00   0.0%
Pad                    0.00e+00   0.00e+00   0.00e+00   0.00e+00   0.0%
----------------------------------------------------------------
Total                  7.37e-05   2.44e-05   7.17e-08   9.82e-05 100.0%
                          75.1%      24.8%       0.1%

======================= Slowest Corner ===================================

Group                  Internal  Switching    Leakage      Total
                          Power      Power      Power      Power (Watts)
----------------------------------------------------------------
Sequential             2.52e-05   7.93e-07   2.83e-07   2.63e-05  39.1%
Combinational          2.55e-05   1.51e-05   2.75e-07   4.09e-05  60.9%
Macro                  0.00e+00   0.00e+00   0.00e+00   0.00e+00   0.0%
Pad                    0.00e+00   0.00e+00   0.00e+00   0.00e+00   0.0%
----------------------------------------------------------------
Total                  5.08e-05   1.59e-05   5.58e-07   6.73e-05 100.0%
                          75.5%      23.7%       0.8%

======================= Typical Corner ===================================

Group                  Internal  Switching    Leakage      Total
                          Power      Power      Power      Power (Watts)
----------------------------------------------------------------
Sequential             3.26e-05   1.02e-06   7.10e-08   3.37e-05  39.8%
Combinational          3.14e-05   1.95e-05   4.20e-10   5.09e-05  60.2%
Macro                  0.00e+00   0.00e+00   0.00e+00   0.00e+00   0.0%
Pad                    0.00e+00   0.00e+00   0.00e+00   0.00e+00   0.0%
----------------------------------------------------------------
Total                  6.40e-05   2.05e-05   7.14e-08   8.46e-05 100.0%
                          75.7%      24.2%       0.1%

